"","52-B1","53-B2","54-B3","29-B1","30-B1","31-B2","32-B3","33-B1","34-B1","35-B2","36-B3","37-B1","38-B2","39-B3","40-B1","41-B2","42-B3","43-B1","44-B2","45-B3","46-B1","47-B2","48-B3","49-B1","50-B2","51-B3"
